###############################################################################
#
# IAR ELF Linker V7.80.1.11864/W32 for ARM                28/Sep/2017  16:29:10
# Copyright 2007-2016 IAR Systems AB.
#
#    Output file  =  
#        C:\Users\Goragod\Desktop\STM32F7-OV9560\Project\STM32F765VI\EWARM\Debug\Exe\STM32F7-OV9560.out
#    Map file     =  
#        C:\Users\Goragod\Desktop\STM32F7-OV9560\Project\STM32F765VI\EWARM\Debug\List\STM32F7-OV9560.map
#    Command line =  
#        C:\Users\Goragod\Desktop\STM32F7-OV9560\Project\STM32F765VI\EWARM\Debug\Obj\main.o
#        C:\Users\Goragod\Desktop\STM32F7-OV9560\Project\STM32F765VI\EWARM\Debug\Obj\startup_stm32f756xx.o
#        C:\Users\Goragod\Desktop\STM32F7-OV9560\Project\STM32F765VI\EWARM\Debug\Obj\stm32f7xx_hal.o
#        C:\Users\Goragod\Desktop\STM32F7-OV9560\Project\STM32F765VI\EWARM\Debug\Obj\stm32f7xx_hal_cortex.o
#        C:\Users\Goragod\Desktop\STM32F7-OV9560\Project\STM32F765VI\EWARM\Debug\Obj\stm32f7xx_hal_dcmi.o
#        C:\Users\Goragod\Desktop\STM32F7-OV9560\Project\STM32F765VI\EWARM\Debug\Obj\stm32f7xx_hal_dma.o
#        C:\Users\Goragod\Desktop\STM32F7-OV9560\Project\STM32F765VI\EWARM\Debug\Obj\stm32f7xx_hal_dma2d.o
#        C:\Users\Goragod\Desktop\STM32F7-OV9560\Project\STM32F765VI\EWARM\Debug\Obj\stm32f7xx_hal_gpio.o
#        C:\Users\Goragod\Desktop\STM32F7-OV9560\Project\STM32F765VI\EWARM\Debug\Obj\stm32f7xx_hal_i2c.o
#        C:\Users\Goragod\Desktop\STM32F7-OV9560\Project\STM32F765VI\EWARM\Debug\Obj\stm32f7xx_hal_msp.o
#        C:\Users\Goragod\Desktop\STM32F7-OV9560\Project\STM32F765VI\EWARM\Debug\Obj\stm32f7xx_hal_pwr.o
#        C:\Users\Goragod\Desktop\STM32F7-OV9560\Project\STM32F765VI\EWARM\Debug\Obj\stm32f7xx_hal_pwr_ex.o
#        C:\Users\Goragod\Desktop\STM32F7-OV9560\Project\STM32F765VI\EWARM\Debug\Obj\stm32f7xx_hal_rcc.o
#        C:\Users\Goragod\Desktop\STM32F7-OV9560\Project\STM32F765VI\EWARM\Debug\Obj\stm32f7xx_hal_usart.o
#        C:\Users\Goragod\Desktop\STM32F7-OV9560\Project\STM32F765VI\EWARM\Debug\Obj\stm32f7xx_it.o
#        C:\Users\Goragod\Desktop\STM32F7-OV9560\Project\STM32F765VI\EWARM\Debug\Obj\system_stm32f7xx.o
#        -o
#        C:\Users\Goragod\Desktop\STM32F7-OV9560\Project\STM32F765VI\EWARM\Debug\Exe\STM32F7-OV9560.out
#        --map
#        C:\Users\Goragod\Desktop\STM32F7-OV9560\Project\STM32F765VI\EWARM\Debug\List\STM32F7-OV9560.map
#        --config
#        C:\Users\Goragod\Desktop\STM32F7-OV9560\Project\STM32F765VI\EWARM\stm32f756xx_flash.icf
#        --semihosting --entry __iar_program_start --vfe
#
###############################################################################

*******************************************************************************
*** RUNTIME MODEL ATTRIBUTES
***

CppFlavor       = *
__SystemLibrary = DLib


*******************************************************************************
*** PLACEMENT SUMMARY
***

"A0":  place at 0x08000000 { ro section .intvec };
"P1":  place in [from 0x08000000 to 0x080fffff] { ro };
"P2":  place in [from 0x20000000 to 0x2004ffff] { rw, block CSTACK, block HEAP };
initialize by copy { rw, section .itcmram };

  Section            Kind        Address   Size  Object
  -------            ----        -------   ----  ------
"A0":                                     0x1c8
  .intvec            ro code  0x08000000  0x1c8  startup_stm32f756xx.o [1]
                            - 0x080001c8  0x1c8

"P1":                                     0xd98
  .text              ro code  0x080001c8  0x70c  stm32f7xx_hal_rcc.o [1]
  .text              ro code  0x080008d4    0xc  stm32f7xx_hal.o [1]
  .text              ro code  0x080008e0   0x28  stm32f7xx_hal.o [1]
  .text              ro code  0x08000908  0x1a4  stm32f7xx_hal_cortex.o [1]
  .text              ro code  0x08000aac   0xe4  main.o [1]
  .text              ro code  0x08000b90   0x28  stm32f7xx_hal.o [1]
  .text              ro code  0x08000bb8   0x84  stm32f7xx_hal_pwr_ex.o [1]
  .text              ro code  0x08000c3c    0x2  stm32f7xx_hal_msp.o [1]
  .text              ro code  0x08000c40   0x6c  system_stm32f7xx.o [1]
  .text              ro code  0x08000cac   0x2c  copy_init3.o [5]
  .text              ro code  0x08000cd8   0x28  data_init.o [5]
  .text              ro code  0x08000d00   0x22  fpinit_M.o [4]
  .iar.init_table    const    0x08000d24   0x14  - Linker created -
  .text              ro code  0x08000d38   0x1a  cmain.o [5]
  .text              ro code  0x08000d52    0x4  low_level_init.o [3]
  .text              ro code  0x08000d56    0x4  exit.o [3]
  .text              ro code  0x08000d5c    0xa  cexit.o [5]
  .text              ro code  0x08000d68   0x14  exit.o [6]
  .text              ro code  0x08000d7c   0x18  stm32f7xx_it.o [1]
  .text              ro code  0x08000d94   0x10  stm32f7xx_hal.o [1]
  .rodata            const    0x08000da4   0x10  system_stm32f7xx.o [1]
  .text              ro code  0x08000db4   0x10  startup_stm32f756xx.o [1]
  .text              ro code  0x08000dc4    0xc  cstartup_M.o [5]
  Initializer bytes  const    0x08000dd0    0x8  <for P2-1>
  .text              ro code  0x08000dd8    0x4  startup_stm32f756xx.o [1]
  .text              ro code  0x08000ddc    0x4  startup_stm32f756xx.o [1]
  .text              ro code  0x08000de0    0x4  startup_stm32f756xx.o [1]
  .text              ro code  0x08000de4    0x4  startup_stm32f756xx.o [1]
  .text              ro code  0x08000de8    0x4  startup_stm32f756xx.o [1]
  .text              ro code  0x08000dec    0x4  startup_stm32f756xx.o [1]
  .text              ro code  0x08000df0    0x4  startup_stm32f756xx.o [1]
  .text              ro code  0x08000df4    0x4  startup_stm32f756xx.o [1]
  .text              ro code  0x08000df8    0x4  startup_stm32f756xx.o [1]
  .text              ro code  0x08000dfc    0x4  startup_stm32f756xx.o [1]
  .text              ro code  0x08000e00    0x4  startup_stm32f756xx.o [1]
  .text              ro code  0x08000e04    0x4  startup_stm32f756xx.o [1]
  .text              ro code  0x08000e08    0x4  startup_stm32f756xx.o [1]
  .text              ro code  0x08000e0c    0x4  startup_stm32f756xx.o [1]
  .text              ro code  0x08000e10    0x4  startup_stm32f756xx.o [1]
  .text              ro code  0x08000e14    0x4  startup_stm32f756xx.o [1]
  .text              ro code  0x08000e18    0x4  startup_stm32f756xx.o [1]
  .text              ro code  0x08000e1c    0x4  startup_stm32f756xx.o [1]
  .text              ro code  0x08000e20    0x4  startup_stm32f756xx.o [1]
  .text              ro code  0x08000e24    0x4  startup_stm32f756xx.o [1]
  .text              ro code  0x08000e28    0x4  startup_stm32f756xx.o [1]
  .text              ro code  0x08000e2c    0x4  startup_stm32f756xx.o [1]
  .text              ro code  0x08000e30    0x4  startup_stm32f756xx.o [1]
  .text              ro code  0x08000e34    0x4  startup_stm32f756xx.o [1]
  .text              ro code  0x08000e38    0x4  startup_stm32f756xx.o [1]
  .text              ro code  0x08000e3c    0x4  startup_stm32f756xx.o [1]
  .text              ro code  0x08000e40    0x4  startup_stm32f756xx.o [1]
  .text              ro code  0x08000e44    0x4  startup_stm32f756xx.o [1]
  .text              ro code  0x08000e48    0x4  startup_stm32f756xx.o [1]
  .text              ro code  0x08000e4c    0x4  startup_stm32f756xx.o [1]
  .text              ro code  0x08000e50    0x4  startup_stm32f756xx.o [1]
  .text              ro code  0x08000e54    0x4  startup_stm32f756xx.o [1]
  .text              ro code  0x08000e58    0x4  startup_stm32f756xx.o [1]
  .text              ro code  0x08000e5c    0x4  startup_stm32f756xx.o [1]
  .text              ro code  0x08000e60    0x4  startup_stm32f756xx.o [1]
  .text              ro code  0x08000e64    0x4  startup_stm32f756xx.o [1]
  .text              ro code  0x08000e68    0x4  startup_stm32f756xx.o [1]
  .text              ro code  0x08000e6c    0x4  startup_stm32f756xx.o [1]
  .text              ro code  0x08000e70    0x4  startup_stm32f756xx.o [1]
  .text              ro code  0x08000e74    0x4  startup_stm32f756xx.o [1]
  .text              ro code  0x08000e78    0x4  startup_stm32f756xx.o [1]
  .text              ro code  0x08000e7c    0x4  startup_stm32f756xx.o [1]
  .text              ro code  0x08000e80    0x4  startup_stm32f756xx.o [1]
  .text              ro code  0x08000e84    0x4  startup_stm32f756xx.o [1]
  .text              ro code  0x08000e88    0x4  startup_stm32f756xx.o [1]
  .text              ro code  0x08000e8c    0x4  startup_stm32f756xx.o [1]
  .text              ro code  0x08000e90    0x4  startup_stm32f756xx.o [1]
  .text              ro code  0x08000e94    0x4  startup_stm32f756xx.o [1]
  .text              ro code  0x08000e98    0x4  startup_stm32f756xx.o [1]
  .text              ro code  0x08000e9c    0x4  startup_stm32f756xx.o [1]
  .text              ro code  0x08000ea0    0x4  startup_stm32f756xx.o [1]
  .text              ro code  0x08000ea4    0x4  startup_stm32f756xx.o [1]
  .text              ro code  0x08000ea8    0x4  startup_stm32f756xx.o [1]
  .text              ro code  0x08000eac    0x4  startup_stm32f756xx.o [1]
  .text              ro code  0x08000eb0    0x4  startup_stm32f756xx.o [1]
  .text              ro code  0x08000eb4    0x4  startup_stm32f756xx.o [1]
  .text              ro code  0x08000eb8    0x4  startup_stm32f756xx.o [1]
  .text              ro code  0x08000ebc    0x4  startup_stm32f756xx.o [1]
  .text              ro code  0x08000ec0    0x4  startup_stm32f756xx.o [1]
  .text              ro code  0x08000ec4    0x4  startup_stm32f756xx.o [1]
  .text              ro code  0x08000ec8    0x4  startup_stm32f756xx.o [1]
  .text              ro code  0x08000ecc    0x4  startup_stm32f756xx.o [1]
  .text              ro code  0x08000ed0    0x4  startup_stm32f756xx.o [1]
  .text              ro code  0x08000ed4    0x4  startup_stm32f756xx.o [1]
  .text              ro code  0x08000ed8    0x4  startup_stm32f756xx.o [1]
  .text              ro code  0x08000edc    0x4  startup_stm32f756xx.o [1]
  .text              ro code  0x08000ee0    0x4  startup_stm32f756xx.o [1]
  .text              ro code  0x08000ee4    0x4  startup_stm32f756xx.o [1]
  .text              ro code  0x08000ee8    0x4  startup_stm32f756xx.o [1]
  .text              ro code  0x08000eec    0x4  startup_stm32f756xx.o [1]
  .text              ro code  0x08000ef0    0x4  startup_stm32f756xx.o [1]
  .text              ro code  0x08000ef4    0x4  startup_stm32f756xx.o [1]
  .text              ro code  0x08000ef8    0x4  startup_stm32f756xx.o [1]
  .text              ro code  0x08000efc    0x4  startup_stm32f756xx.o [1]
  .text              ro code  0x08000f00    0x4  startup_stm32f756xx.o [1]
  .text              ro code  0x08000f04    0x4  startup_stm32f756xx.o [1]
  .text              ro code  0x08000f08    0x4  startup_stm32f756xx.o [1]
  .text              ro code  0x08000f0c    0x4  startup_stm32f756xx.o [1]
  .text              ro code  0x08000f10    0x4  startup_stm32f756xx.o [1]
  .text              ro code  0x08000f14    0x4  startup_stm32f756xx.o [1]
  .text              ro code  0x08000f18    0x4  startup_stm32f756xx.o [1]
  .text              ro code  0x08000f1c    0x4  startup_stm32f756xx.o [1]
  .text              ro code  0x08000f20    0x4  startup_stm32f756xx.o [1]
  .text              ro code  0x08000f24    0x4  startup_stm32f756xx.o [1]
  .text              ro code  0x08000f28    0x4  startup_stm32f756xx.o [1]
  .text              ro code  0x08000f2c    0x4  startup_stm32f756xx.o [1]
  .text              ro code  0x08000f30    0x4  startup_stm32f756xx.o [1]
  .text              ro code  0x08000f34    0x4  startup_stm32f756xx.o [1]
  .text              ro code  0x08000f38    0x4  startup_stm32f756xx.o [1]
  .text              ro code  0x08000f3c    0x4  startup_stm32f756xx.o [1]
  .text              ro code  0x08000f40    0x4  startup_stm32f756xx.o [1]
  .text              ro code  0x08000f44    0x4  startup_stm32f756xx.o [1]
  .text              ro code  0x08000f48    0x4  startup_stm32f756xx.o [1]
  .text              ro code  0x08000f4c    0x4  startup_stm32f756xx.o [1]
  .text              ro code  0x08000f50    0x4  startup_stm32f756xx.o [1]
  .text              ro code  0x08000f54    0x4  startup_stm32f756xx.o [1]
  .text              ro code  0x08000f58    0x4  startup_stm32f756xx.o [1]
  .text              ro code  0x08000f5c    0x4  startup_stm32f756xx.o [1]
  .rodata            const    0x08000f60    0x0  copy_init3.o [5]
                            - 0x08000f60  0xd98

"P2", part 1 of 2:                          0x8
  P2-1                        0x20000000    0x8  <Init block>
    .data            inited   0x20000000    0x4  system_stm32f7xx.o [1]
    .bss             inited   0x20000004    0x4  stm32f7xx_hal.o [1]
                            - 0x20000008    0x8

"P2", part 2 of 2:                        0x400
  CSTACK                      0x20000008  0x400  <Block>
    CSTACK           uninit   0x20000008  0x400  <Block tail>
                            - 0x20000408  0x400


*******************************************************************************
*** INIT TABLE
***

          Address     Size
          -------     ----
Copy (__iar_copy_init3)
    1 source range, total size 0x8:
          0x08000dd0   0x8
    1 destination range, total size 0x8:
          0x20000000   0x8



*******************************************************************************
*** MODULE SUMMARY
***

    Module                  ro code  ro data  rw data
    ------                  -------  -------  -------
C:\Users\Goragod\Desktop\STM32F7-OV9560\Project\STM32F765VI\EWARM\Debug\Obj: [1]
    main.o                      228
    startup_stm32f756xx.o       864
    stm32f7xx_hal.o             108        4        4
    stm32f7xx_hal_cortex.o      420
    stm32f7xx_hal_msp.o           2
    stm32f7xx_hal_pwr_ex.o      132
    stm32f7xx_hal_rcc.o       1 804
    stm32f7xx_it.o               24
    system_stm32f7xx.o          108       20        4
    -------------------------------------------------
    Total:                    3 690       24        8

command line: [2]
    -------------------------------------------------
    Total:

dl7M_tln.a: [3]
    exit.o                        4
    low_level_init.o              4
    -------------------------------------------------
    Total:                        8

m7M_tls.a: [4]
    fpinit_M.o                   34
    -------------------------------------------------
    Total:                       34

rt7M_tl.a: [5]
    cexit.o                      10
    cmain.o                      26
    copy_init3.o                 44
    cstartup_M.o                 12
    data_init.o                  40
    -------------------------------------------------
    Total:                      132

shb_l.a: [6]
    exit.o                       20
    -------------------------------------------------
    Total:                       20

    Gaps                          6        2
    Linker created                        20    1 024
-----------------------------------------------------
    Grand Total:              3 890       46    1 032


*******************************************************************************
*** ENTRY LIST
***

Entry                      Address   Size  Type      Object
-----                      -------   ----  ----      ------
.iar.init_table$$Base   0x08000d24          --   Gb  - Linker created -
.iar.init_table$$Limit  0x08000d38          --   Gb  - Linker created -
?main                   0x08000d39         Code  Gb  cmain.o [5]
AHBPrescTable           0x08000da4   0x10  Data  Gb  system_stm32f7xx.o [1]
BusFault_Handler        0x08000d83    0x2  Code  Gb  stm32f7xx_it.o [1]
CSTACK$$Base            0x20000008          --   Gb  - Linker created -
CSTACK$$Limit           0x20000408          --   Gb  - Linker created -
DebugMon_Handler        0x08000d89    0x2  Code  Gb  stm32f7xx_it.o [1]
Error_Handler           0x08000b31    0x2  Code  Lc  main.o [1]
HAL_GetTick             0x080008d5    0xc  Code  Wk  stm32f7xx_hal.o [1]
HAL_IncTick             0x08000d95   0x10  Code  Wk  stm32f7xx_hal.o [1]
HAL_Init                0x08000b91   0x22  Code  Gb  stm32f7xx_hal.o [1]
HAL_InitTick            0x080008e1   0x28  Code  Wk  stm32f7xx_hal.o [1]
HAL_MPU_ConfigRegion    0x08000a25   0x58  Code  Gb  stm32f7xx_hal_cortex.o [1]
HAL_MPU_Disable         0x080009ef   0x18  Code  Gb  stm32f7xx_hal_cortex.o [1]
HAL_MPU_Enable          0x08000a07   0x1e  Code  Gb  stm32f7xx_hal_cortex.o [1]
HAL_MspInit             0x08000c3d    0x2  Code  Gb  stm32f7xx_hal_msp.o [1]
HAL_NVIC_SetPriority    0x080009c5   0x22  Code  Gb  stm32f7xx_hal_cortex.o [1]
HAL_NVIC_SetPriorityGrouping
                        0x080009bd    0x8  Code  Gb  stm32f7xx_hal_cortex.o [1]
HAL_PWREx_EnableOverDrive
                        0x08000bb9   0x76  Code  Gb  stm32f7xx_hal_pwr_ex.o [1]
HAL_RCC_ClockConfig     0x08000675  0x19e  Code  Gb  stm32f7xx_hal_rcc.o [1]
HAL_RCC_GetSysClockFreq
                        0x08000813   0x8c  Code  Gb  stm32f7xx_hal_rcc.o [1]
HAL_RCC_OscConfig       0x080001c9  0x4ac  Code  Gb  stm32f7xx_hal_rcc.o [1]
HAL_SYSTICK_Config      0x080009e7    0x8  Code  Gb  stm32f7xx_hal_cortex.o [1]
HardFault_Handler       0x08000d7f    0x2  Code  Gb  stm32f7xx_it.o [1]
MPU_Config              0x08000b33   0x58  Code  Lc  main.o [1]
MemManage_Handler       0x08000d81    0x2  Code  Gb  stm32f7xx_it.o [1]
NMI_Handler             0x08000d7d    0x2  Code  Gb  stm32f7xx_it.o [1]
NVIC_EncodePriority     0x08000951   0x3e  Code  Lc  stm32f7xx_hal_cortex.o [1]
NVIC_GetPriorityGrouping
                        0x08000925    0xa  Code  Lc  stm32f7xx_hal_cortex.o [1]
NVIC_SetPriority        0x0800092f   0x22  Code  Lc  stm32f7xx_hal_cortex.o [1]
NVIC_SetPriorityGrouping
                        0x08000909   0x1c  Code  Lc  stm32f7xx_hal_cortex.o [1]
PendSV_Handler          0x08000d8b    0x2  Code  Gb  stm32f7xx_it.o [1]
Region$$Table$$Base     0x08000d24          --   Gb  - Linker created -
Region$$Table$$Limit    0x08000d38          --   Gb  - Linker created -
SVC_Handler             0x08000d87    0x2  Code  Gb  stm32f7xx_it.o [1]
SysTick_Config          0x0800098f   0x2e  Code  Lc  stm32f7xx_hal_cortex.o [1]
SysTick_Handler         0x08000d8d    0x8  Code  Gb  stm32f7xx_it.o [1]
SystemClock_Config      0x08000abd   0x74  Code  Lc  main.o [1]
SystemCoreClock         0x20000000    0x4  Data  Gb  system_stm32f7xx.o [1]
SystemInit              0x08000c41   0x4c  Code  Gb  system_stm32f7xx.o [1]
UsageFault_Handler      0x08000d85    0x2  Code  Gb  stm32f7xx_it.o [1]
__cmain                 0x08000d39         Code  Gb  cmain.o [5]
__exit                  0x08000d69   0x14  Code  Gb  exit.o [6]
__iar_copy_init3        0x08000cad   0x2c  Code  Gb  copy_init3.o [5]
__iar_data_init3        0x08000cd9   0x28  Code  Gb  data_init.o [5]
__iar_init_vfp          0x08000d01         Code  Gb  fpinit_M.o [4]
__iar_program_start     0x08000dc5         Code  Gb  cstartup_M.o [5]
__low_level_init        0x08000d53    0x4  Code  Gb  low_level_init.o [3]
__vector_table          0x08000000         Data  Gb  startup_stm32f756xx.o [1]
_call_main              0x08000d45         Code  Gb  cmain.o [5]
_exit                   0x08000d5d         Code  Gb  cexit.o [5]
_main                   0x08000d4f         Code  Gb  cmain.o [5]
exit                    0x08000d57    0x4  Code  Gb  exit.o [3]
main                    0x08000aad   0x10  Code  Gb  main.o [1]
uwTick                  0x20000004    0x4  Data  Gb  stm32f7xx_hal.o [1]


[1] = C:\Users\Goragod\Desktop\STM32F7-OV9560\Project\STM32F765VI\EWARM\Debug\Obj
[2] = command line
[3] = dl7M_tln.a
[4] = m7M_tls.a
[5] = rt7M_tl.a
[6] = shb_l.a

  3 890 bytes of readonly  code memory
     46 bytes of readonly  data memory
  1 032 bytes of readwrite data memory

Errors: none
Warnings: none
