###############################################################################
#
# IAR ELF Linker V7.80.1.11864/W32 for ARM                10/Oct/2017  17:32:11
# Copyright 2007-2016 IAR Systems AB.
#
#    Output file  =  
#        C:\Users\Goragod\Desktop\STM32F7-OV9560\Project\STM32F765VI\EWARM\Debug\Exe\STM32F7-OV9650.out
#    Map file     =  
#        C:\Users\Goragod\Desktop\STM32F7-OV9560\Project\STM32F765VI\EWARM\Debug\List\STM32F7-OV9650.map
#    Command line =  
#        C:\Users\Goragod\Desktop\STM32F7-OV9560\Project\STM32F765VI\EWARM\Debug\Obj\ff.o
#        C:\Users\Goragod\Desktop\STM32F7-OV9560\Project\STM32F765VI\EWARM\Debug\Obj\main.o
#        C:\Users\Goragod\Desktop\STM32F7-OV9560\Project\STM32F765VI\EWARM\Debug\Obj\ov9650.o
#        C:\Users\Goragod\Desktop\STM32F7-OV9560\Project\STM32F765VI\EWARM\Debug\Obj\sccb.o
#        C:\Users\Goragod\Desktop\STM32F7-OV9560\Project\STM32F765VI\EWARM\Debug\Obj\sensor.o
#        C:\Users\Goragod\Desktop\STM32F7-OV9560\Project\STM32F765VI\EWARM\Debug\Obj\startup_stm32f765xx.o
#        C:\Users\Goragod\Desktop\STM32F7-OV9560\Project\STM32F765VI\EWARM\Debug\Obj\stm32f7xx_hal.o
#        C:\Users\Goragod\Desktop\STM32F7-OV9560\Project\STM32F765VI\EWARM\Debug\Obj\stm32f7xx_hal_cortex.o
#        C:\Users\Goragod\Desktop\STM32F7-OV9560\Project\STM32F765VI\EWARM\Debug\Obj\stm32f7xx_hal_dcmi.o
#        C:\Users\Goragod\Desktop\STM32F7-OV9560\Project\STM32F765VI\EWARM\Debug\Obj\stm32f7xx_hal_dma.o
#        C:\Users\Goragod\Desktop\STM32F7-OV9560\Project\STM32F765VI\EWARM\Debug\Obj\stm32f7xx_hal_dma2d.o
#        C:\Users\Goragod\Desktop\STM32F7-OV9560\Project\STM32F765VI\EWARM\Debug\Obj\stm32f7xx_hal_dsi.o
#        C:\Users\Goragod\Desktop\STM32F7-OV9560\Project\STM32F765VI\EWARM\Debug\Obj\stm32f7xx_hal_gpio.o
#        C:\Users\Goragod\Desktop\STM32F7-OV9560\Project\STM32F765VI\EWARM\Debug\Obj\stm32f7xx_hal_i2c.o
#        C:\Users\Goragod\Desktop\STM32F7-OV9560\Project\STM32F765VI\EWARM\Debug\Obj\stm32f7xx_hal_msp.o
#        C:\Users\Goragod\Desktop\STM32F7-OV9560\Project\STM32F765VI\EWARM\Debug\Obj\stm32f7xx_hal_pwr.o
#        C:\Users\Goragod\Desktop\STM32F7-OV9560\Project\STM32F765VI\EWARM\Debug\Obj\stm32f7xx_hal_pwr_ex.o
#        C:\Users\Goragod\Desktop\STM32F7-OV9560\Project\STM32F765VI\EWARM\Debug\Obj\stm32f7xx_hal_rcc.o
#        C:\Users\Goragod\Desktop\STM32F7-OV9560\Project\STM32F765VI\EWARM\Debug\Obj\stm32f7xx_it.o
#        C:\Users\Goragod\Desktop\STM32F7-OV9560\Project\STM32F765VI\EWARM\Debug\Obj\system_stm32f7xx.o
#        -o
#        C:\Users\Goragod\Desktop\STM32F7-OV9560\Project\STM32F765VI\EWARM\Debug\Exe\STM32F7-OV9650.out
#        --map
#        C:\Users\Goragod\Desktop\STM32F7-OV9560\Project\STM32F765VI\EWARM\Debug\List\STM32F7-OV9650.map
#        --config
#        C:\Users\Goragod\Desktop\STM32F7-OV9560\Project\STM32F765VI\EWARM\stm32f756xx_flash.icf
#        --semihosting --entry __iar_program_start --vfe
#
###############################################################################

*******************************************************************************
*** RUNTIME MODEL ATTRIBUTES
***

CppFlavor       = *
__SystemLibrary = DLib


*******************************************************************************
*** PLACEMENT SUMMARY
***

"A0":  place at 0x08000000 { ro section .intvec };
"P1":  place in [from 0x08000000 to 0x080fffff] { ro };
"P2":  place in [from 0x20000000 to 0x2004ffff] { rw, block CSTACK, block HEAP };
initialize by copy { rw, section .itcmram };

  Section            Kind        Address    Size  Object
  -------            ----        -------    ----  ------
"A0":                                      0x1f8
  .intvec            ro code  0x08000000   0x1f8  startup_stm32f765xx.o [1]
                            - 0x080001f8   0x1f8

"P1":                                     0x11d8
  .text              ro code  0x080001f8   0x70c  stm32f7xx_hal_rcc.o [1]
  .text              ro code  0x08000904     0xc  stm32f7xx_hal.o [1]
  .text              ro code  0x08000910    0x28  stm32f7xx_hal.o [1]
  .text              ro code  0x08000938   0x1a4  stm32f7xx_hal_cortex.o [1]
  .text              ro code  0x08000adc   0x230  stm32f7xx_hal_gpio.o [1]
  .text              ro code  0x08000d0c   0x1f8  stm32f7xx_hal_msp.o [1]
  .text              ro code  0x08000f04    0xe4  main.o [1]
  .text              ro code  0x08000fe8    0x28  stm32f7xx_hal.o [1]
  .text              ro code  0x08001010    0x84  stm32f7xx_hal_pwr_ex.o [1]
  .text              ro code  0x08001094    0x6c  system_stm32f7xx.o [1]
  .text              ro code  0x08001100    0x2c  copy_init3.o [5]
  .text              ro code  0x0800112c    0x28  data_init.o [5]
  .text              ro code  0x08001154    0x22  fpinit_M.o [4]
  .iar.init_table    const    0x08001178    0x14  - Linker created -
  .text              ro code  0x0800118c    0x1a  cmain.o [5]
  .text              ro code  0x080011a6     0x4  low_level_init.o [3]
  .text              ro code  0x080011aa     0x4  exit.o [3]
  .text              ro code  0x080011b0     0xa  cexit.o [5]
  .text              ro code  0x080011bc    0x14  exit.o [6]
  .text              ro code  0x080011d0    0x18  stm32f7xx_it.o [1]
  .text              ro code  0x080011e8    0x10  stm32f7xx_hal.o [1]
  .rodata            const    0x080011f8    0x10  system_stm32f7xx.o [1]
  .text              ro code  0x08001208    0x10  startup_stm32f765xx.o [1]
  .text              ro code  0x08001218     0xc  cstartup_M.o [5]
  Initializer bytes  const    0x08001224     0x8  <for P2-1>
  .text              ro code  0x0800122c     0x4  startup_stm32f765xx.o [1]
  .text              ro code  0x08001230     0x4  startup_stm32f765xx.o [1]
  .text              ro code  0x08001234     0x4  startup_stm32f765xx.o [1]
  .text              ro code  0x08001238     0x4  startup_stm32f765xx.o [1]
  .text              ro code  0x0800123c     0x4  startup_stm32f765xx.o [1]
  .text              ro code  0x08001240     0x4  startup_stm32f765xx.o [1]
  .text              ro code  0x08001244     0x4  startup_stm32f765xx.o [1]
  .text              ro code  0x08001248     0x4  startup_stm32f765xx.o [1]
  .text              ro code  0x0800124c     0x4  startup_stm32f765xx.o [1]
  .text              ro code  0x08001250     0x4  startup_stm32f765xx.o [1]
  .text              ro code  0x08001254     0x4  startup_stm32f765xx.o [1]
  .text              ro code  0x08001258     0x4  startup_stm32f765xx.o [1]
  .text              ro code  0x0800125c     0x4  startup_stm32f765xx.o [1]
  .text              ro code  0x08001260     0x4  startup_stm32f765xx.o [1]
  .text              ro code  0x08001264     0x4  startup_stm32f765xx.o [1]
  .text              ro code  0x08001268     0x4  startup_stm32f765xx.o [1]
  .text              ro code  0x0800126c     0x4  startup_stm32f765xx.o [1]
  .text              ro code  0x08001270     0x4  startup_stm32f765xx.o [1]
  .text              ro code  0x08001274     0x4  startup_stm32f765xx.o [1]
  .text              ro code  0x08001278     0x4  startup_stm32f765xx.o [1]
  .text              ro code  0x0800127c     0x4  startup_stm32f765xx.o [1]
  .text              ro code  0x08001280     0x4  startup_stm32f765xx.o [1]
  .text              ro code  0x08001284     0x4  startup_stm32f765xx.o [1]
  .text              ro code  0x08001288     0x4  startup_stm32f765xx.o [1]
  .text              ro code  0x0800128c     0x4  startup_stm32f765xx.o [1]
  .text              ro code  0x08001290     0x4  startup_stm32f765xx.o [1]
  .text              ro code  0x08001294     0x4  startup_stm32f765xx.o [1]
  .text              ro code  0x08001298     0x4  startup_stm32f765xx.o [1]
  .text              ro code  0x0800129c     0x4  startup_stm32f765xx.o [1]
  .text              ro code  0x080012a0     0x4  startup_stm32f765xx.o [1]
  .text              ro code  0x080012a4     0x4  startup_stm32f765xx.o [1]
  .text              ro code  0x080012a8     0x4  startup_stm32f765xx.o [1]
  .text              ro code  0x080012ac     0x4  startup_stm32f765xx.o [1]
  .text              ro code  0x080012b0     0x4  startup_stm32f765xx.o [1]
  .text              ro code  0x080012b4     0x4  startup_stm32f765xx.o [1]
  .text              ro code  0x080012b8     0x4  startup_stm32f765xx.o [1]
  .text              ro code  0x080012bc     0x4  startup_stm32f765xx.o [1]
  .text              ro code  0x080012c0     0x4  startup_stm32f765xx.o [1]
  .text              ro code  0x080012c4     0x4  startup_stm32f765xx.o [1]
  .text              ro code  0x080012c8     0x4  startup_stm32f765xx.o [1]
  .text              ro code  0x080012cc     0x4  startup_stm32f765xx.o [1]
  .text              ro code  0x080012d0     0x4  startup_stm32f765xx.o [1]
  .text              ro code  0x080012d4     0x4  startup_stm32f765xx.o [1]
  .text              ro code  0x080012d8     0x4  startup_stm32f765xx.o [1]
  .text              ro code  0x080012dc     0x4  startup_stm32f765xx.o [1]
  .text              ro code  0x080012e0     0x4  startup_stm32f765xx.o [1]
  .text              ro code  0x080012e4     0x4  startup_stm32f765xx.o [1]
  .text              ro code  0x080012e8     0x4  startup_stm32f765xx.o [1]
  .text              ro code  0x080012ec     0x4  startup_stm32f765xx.o [1]
  .text              ro code  0x080012f0     0x4  startup_stm32f765xx.o [1]
  .text              ro code  0x080012f4     0x4  startup_stm32f765xx.o [1]
  .text              ro code  0x080012f8     0x4  startup_stm32f765xx.o [1]
  .text              ro code  0x080012fc     0x4  startup_stm32f765xx.o [1]
  .text              ro code  0x08001300     0x4  startup_stm32f765xx.o [1]
  .text              ro code  0x08001304     0x4  startup_stm32f765xx.o [1]
  .text              ro code  0x08001308     0x4  startup_stm32f765xx.o [1]
  .text              ro code  0x0800130c     0x4  startup_stm32f765xx.o [1]
  .text              ro code  0x08001310     0x4  startup_stm32f765xx.o [1]
  .text              ro code  0x08001314     0x4  startup_stm32f765xx.o [1]
  .text              ro code  0x08001318     0x4  startup_stm32f765xx.o [1]
  .text              ro code  0x0800131c     0x4  startup_stm32f765xx.o [1]
  .text              ro code  0x08001320     0x4  startup_stm32f765xx.o [1]
  .text              ro code  0x08001324     0x4  startup_stm32f765xx.o [1]
  .text              ro code  0x08001328     0x4  startup_stm32f765xx.o [1]
  .text              ro code  0x0800132c     0x4  startup_stm32f765xx.o [1]
  .text              ro code  0x08001330     0x4  startup_stm32f765xx.o [1]
  .text              ro code  0x08001334     0x4  startup_stm32f765xx.o [1]
  .text              ro code  0x08001338     0x4  startup_stm32f765xx.o [1]
  .text              ro code  0x0800133c     0x4  startup_stm32f765xx.o [1]
  .text              ro code  0x08001340     0x4  startup_stm32f765xx.o [1]
  .text              ro code  0x08001344     0x4  startup_stm32f765xx.o [1]
  .text              ro code  0x08001348     0x4  startup_stm32f765xx.o [1]
  .text              ro code  0x0800134c     0x4  startup_stm32f765xx.o [1]
  .text              ro code  0x08001350     0x4  startup_stm32f765xx.o [1]
  .text              ro code  0x08001354     0x4  startup_stm32f765xx.o [1]
  .text              ro code  0x08001358     0x4  startup_stm32f765xx.o [1]
  .text              ro code  0x0800135c     0x4  startup_stm32f765xx.o [1]
  .text              ro code  0x08001360     0x4  startup_stm32f765xx.o [1]
  .text              ro code  0x08001364     0x4  startup_stm32f765xx.o [1]
  .text              ro code  0x08001368     0x4  startup_stm32f765xx.o [1]
  .text              ro code  0x0800136c     0x4  startup_stm32f765xx.o [1]
  .text              ro code  0x08001370     0x4  startup_stm32f765xx.o [1]
  .text              ro code  0x08001374     0x4  startup_stm32f765xx.o [1]
  .text              ro code  0x08001378     0x4  startup_stm32f765xx.o [1]
  .text              ro code  0x0800137c     0x4  startup_stm32f765xx.o [1]
  .text              ro code  0x08001380     0x4  startup_stm32f765xx.o [1]
  .text              ro code  0x08001384     0x4  startup_stm32f765xx.o [1]
  .text              ro code  0x08001388     0x4  startup_stm32f765xx.o [1]
  .text              ro code  0x0800138c     0x4  startup_stm32f765xx.o [1]
  .text              ro code  0x08001390     0x4  startup_stm32f765xx.o [1]
  .text              ro code  0x08001394     0x4  startup_stm32f765xx.o [1]
  .text              ro code  0x08001398     0x4  startup_stm32f765xx.o [1]
  .text              ro code  0x0800139c     0x4  startup_stm32f765xx.o [1]
  .text              ro code  0x080013a0     0x4  startup_stm32f765xx.o [1]
  .text              ro code  0x080013a4     0x4  startup_stm32f765xx.o [1]
  .text              ro code  0x080013a8     0x4  startup_stm32f765xx.o [1]
  .text              ro code  0x080013ac     0x4  startup_stm32f765xx.o [1]
  .text              ro code  0x080013b0     0x4  startup_stm32f765xx.o [1]
  .text              ro code  0x080013b4     0x4  startup_stm32f765xx.o [1]
  .text              ro code  0x080013b8     0x4  startup_stm32f765xx.o [1]
  .text              ro code  0x080013bc     0x4  startup_stm32f765xx.o [1]
  .text              ro code  0x080013c0     0x4  startup_stm32f765xx.o [1]
  .text              ro code  0x080013c4     0x4  startup_stm32f765xx.o [1]
  .text              ro code  0x080013c8     0x4  startup_stm32f765xx.o [1]
  .text              ro code  0x080013cc     0x4  startup_stm32f765xx.o [1]
  .rodata            const    0x080013d0     0x0  copy_init3.o [5]
                            - 0x080013d0  0x11d8

"P2", part 1 of 2:                           0x8
  P2-1                        0x20000000     0x8  <Init block>
    .data            inited   0x20000000     0x4  system_stm32f7xx.o [1]
    .bss             inited   0x20000004     0x4  stm32f7xx_hal.o [1]
                            - 0x20000008     0x8

"P2", part 2 of 2:                         0x400
  CSTACK                      0x20000008   0x400  <Block>
    CSTACK           uninit   0x20000008   0x400  <Block tail>
                            - 0x20000408   0x400


*******************************************************************************
*** INIT TABLE
***

          Address     Size
          -------     ----
Copy (__iar_copy_init3)
    1 source range, total size 0x8:
          0x08001224   0x8
    1 destination range, total size 0x8:
          0x20000000   0x8



*******************************************************************************
*** MODULE SUMMARY
***

    Module                  ro code  ro data  rw data
    ------                  -------  -------  -------
C:\Users\Goragod\Desktop\STM32F7-OV9560\Project\STM32F765VI\EWARM\Debug\Obj: [1]
    main.o                      228
    startup_stm32f765xx.o       940
    stm32f7xx_hal.o             108        4        4
    stm32f7xx_hal_cortex.o      420
    stm32f7xx_hal_gpio.o        560
    stm32f7xx_hal_msp.o         504
    stm32f7xx_hal_pwr_ex.o      132
    stm32f7xx_hal_rcc.o       1 804
    stm32f7xx_it.o               24
    system_stm32f7xx.o          108       20        4
    -------------------------------------------------
    Total:                    4 828       24        8

command line: [2]
    -------------------------------------------------
    Total:

dl7M_tln.a: [3]
    exit.o                        4
    low_level_init.o              4
    -------------------------------------------------
    Total:                        8

m7M_tls.a: [4]
    fpinit_M.o                   34
    -------------------------------------------------
    Total:                       34

rt7M_tl.a: [5]
    cexit.o                      10
    cmain.o                      26
    copy_init3.o                 44
    cstartup_M.o                 12
    data_init.o                  40
    -------------------------------------------------
    Total:                      132

shb_l.a: [6]
    exit.o                       20
    -------------------------------------------------
    Total:                       20

    Gaps                          4        2
    Linker created                        20    1 024
-----------------------------------------------------
    Grand Total:              5 026       46    1 032


*******************************************************************************
*** ENTRY LIST
***

Entry                      Address   Size  Type      Object
-----                      -------   ----  ----      ------
.iar.init_table$$Base   0x08001178          --   Gb  - Linker created -
.iar.init_table$$Limit  0x0800118c          --   Gb  - Linker created -
?main                   0x0800118d         Code  Gb  cmain.o [5]
AHBPrescTable           0x080011f8   0x10  Data  Gb  system_stm32f7xx.o [1]
BusFault_Handler        0x080011d7    0x2  Code  Gb  stm32f7xx_it.o [1]
CSTACK$$Base            0x20000008          --   Gb  - Linker created -
CSTACK$$Limit           0x20000408          --   Gb  - Linker created -
DebugMon_Handler        0x080011dd    0x2  Code  Gb  stm32f7xx_it.o [1]
Error_Handler           0x08000f89    0x2  Code  Lc  main.o [1]
HAL_GPIO_Init           0x08000add  0x1f0  Code  Gb  stm32f7xx_hal_gpio.o [1]
HAL_GetTick             0x08000905    0xc  Code  Wk  stm32f7xx_hal.o [1]
HAL_IncTick             0x080011e9   0x10  Code  Wk  stm32f7xx_hal.o [1]
HAL_Init                0x08000fe9   0x22  Code  Gb  stm32f7xx_hal.o [1]
HAL_InitTick            0x08000911   0x28  Code  Wk  stm32f7xx_hal.o [1]
HAL_MPU_ConfigRegion    0x08000a55   0x58  Code  Gb  stm32f7xx_hal_cortex.o [1]
HAL_MPU_Disable         0x08000a1f   0x18  Code  Gb  stm32f7xx_hal_cortex.o [1]
HAL_MPU_Enable          0x08000a37   0x1e  Code  Gb  stm32f7xx_hal_cortex.o [1]
HAL_MspInit             0x08000de1   0xfe  Code  Gb  stm32f7xx_hal_msp.o [1]
HAL_NVIC_SetPriority    0x080009f5   0x22  Code  Gb  stm32f7xx_hal_cortex.o [1]
HAL_NVIC_SetPriorityGrouping
                        0x080009ed    0x8  Code  Gb  stm32f7xx_hal_cortex.o [1]
HAL_PWREx_EnableOverDrive
                        0x08001011   0x76  Code  Gb  stm32f7xx_hal_pwr_ex.o [1]
HAL_RCC_ClockConfig     0x080006a5  0x19e  Code  Gb  stm32f7xx_hal_rcc.o [1]
HAL_RCC_GetSysClockFreq
                        0x08000843   0x8c  Code  Gb  stm32f7xx_hal_rcc.o [1]
HAL_RCC_OscConfig       0x080001f9  0x4ac  Code  Gb  stm32f7xx_hal_rcc.o [1]
HAL_SYSTICK_Config      0x08000a17    0x8  Code  Gb  stm32f7xx_hal_cortex.o [1]
HardFault_Handler       0x080011d3    0x2  Code  Gb  stm32f7xx_it.o [1]
MPU_Config              0x08000f8b   0x58  Code  Lc  main.o [1]
MemManage_Handler       0x080011d5    0x2  Code  Gb  stm32f7xx_it.o [1]
NMI_Handler             0x080011d1    0x2  Code  Gb  stm32f7xx_it.o [1]
NVIC_EncodePriority     0x08000981   0x3e  Code  Lc  stm32f7xx_hal_cortex.o [1]
NVIC_GetPriorityGrouping
                        0x08000955    0xa  Code  Lc  stm32f7xx_hal_cortex.o [1]
NVIC_SetPriority        0x0800095f   0x22  Code  Lc  stm32f7xx_hal_cortex.o [1]
NVIC_SetPriorityGrouping
                        0x08000939   0x1c  Code  Lc  stm32f7xx_hal_cortex.o [1]
PendSV_Handler          0x080011df    0x2  Code  Gb  stm32f7xx_it.o [1]
Region$$Table$$Base     0x08001178          --   Gb  - Linker created -
Region$$Table$$Limit    0x0800118c          --   Gb  - Linker created -
SCB_EnableDCache        0x08000d49   0x54  Code  Lc  stm32f7xx_hal_msp.o [1]
SCB_EnableICache        0x08000d0d   0x24  Code  Lc  stm32f7xx_hal_msp.o [1]
SCB_InvalidateDCache    0x08000d9d   0x44  Code  Lc  stm32f7xx_hal_msp.o [1]
SCB_InvalidateICache    0x08000d31   0x18  Code  Lc  stm32f7xx_hal_msp.o [1]
SVC_Handler             0x080011db    0x2  Code  Gb  stm32f7xx_it.o [1]
SysTick_Config          0x080009bf   0x2e  Code  Lc  stm32f7xx_hal_cortex.o [1]
SysTick_Handler         0x080011e1    0x8  Code  Gb  stm32f7xx_it.o [1]
SystemClock_Config      0x08000f15   0x74  Code  Lc  main.o [1]
SystemCoreClock         0x20000000    0x4  Data  Gb  system_stm32f7xx.o [1]
SystemInit              0x08001095   0x4c  Code  Gb  system_stm32f7xx.o [1]
UsageFault_Handler      0x080011d9    0x2  Code  Gb  stm32f7xx_it.o [1]
__cmain                 0x0800118d         Code  Gb  cmain.o [5]
__exit                  0x080011bd   0x14  Code  Gb  exit.o [6]
__iar_copy_init3        0x08001101   0x2c  Code  Gb  copy_init3.o [5]
__iar_data_init3        0x0800112d   0x28  Code  Gb  data_init.o [5]
__iar_init_vfp          0x08001155         Code  Gb  fpinit_M.o [4]
__iar_program_start     0x08001219         Code  Gb  cstartup_M.o [5]
__low_level_init        0x080011a7    0x4  Code  Gb  low_level_init.o [3]
__vector_table          0x08000000         Data  Gb  startup_stm32f765xx.o [1]
_call_main              0x08001199         Code  Gb  cmain.o [5]
_exit                   0x080011b1         Code  Gb  cexit.o [5]
_main                   0x080011a3         Code  Gb  cmain.o [5]
exit                    0x080011ab    0x4  Code  Gb  exit.o [3]
main                    0x08000f05   0x10  Code  Gb  main.o [1]
uwTick                  0x20000004    0x4  Data  Gb  stm32f7xx_hal.o [1]


[1] = C:\Users\Goragod\Desktop\STM32F7-OV9560\Project\STM32F765VI\EWARM\Debug\Obj
[2] = command line
[3] = dl7M_tln.a
[4] = m7M_tls.a
[5] = rt7M_tl.a
[6] = shb_l.a

  5 026 bytes of readonly  code memory
     46 bytes of readonly  data memory
  1 032 bytes of readwrite data memory

Errors: none
Warnings: none
