###############################################################################
#
# IAR ELF Linker V7.80.1.11864/W32 for ARM                28/Sep/2017  18:20:46
# Copyright 2007-2016 IAR Systems AB.
#
#    Output file  =  
#        C:\Users\Goragod\Desktop\STM32F7-OV9560\Project\STM32F765VI\EWARM\Debug\Exe\STM32F7-OV9560.out
#    Map file     =  
#        C:\Users\Goragod\Desktop\STM32F7-OV9560\Project\STM32F765VI\EWARM\Debug\List\STM32F7-OV9560.map
#    Command line =  
#        C:\Users\Goragod\Desktop\STM32F7-OV9560\Project\STM32F765VI\EWARM\Debug\Obj\main.o
#        C:\Users\Goragod\Desktop\STM32F7-OV9560\Project\STM32F765VI\EWARM\Debug\Obj\ov9650.o
#        C:\Users\Goragod\Desktop\STM32F7-OV9560\Project\STM32F765VI\EWARM\Debug\Obj\sccb.o
#        C:\Users\Goragod\Desktop\STM32F7-OV9560\Project\STM32F765VI\EWARM\Debug\Obj\startup_stm32f756xx.o
#        C:\Users\Goragod\Desktop\STM32F7-OV9560\Project\STM32F765VI\EWARM\Debug\Obj\stm32f7xx_hal.o
#        C:\Users\Goragod\Desktop\STM32F7-OV9560\Project\STM32F765VI\EWARM\Debug\Obj\stm32f7xx_hal_cortex.o
#        C:\Users\Goragod\Desktop\STM32F7-OV9560\Project\STM32F765VI\EWARM\Debug\Obj\stm32f7xx_hal_dcmi.o
#        C:\Users\Goragod\Desktop\STM32F7-OV9560\Project\STM32F765VI\EWARM\Debug\Obj\stm32f7xx_hal_dma.o
#        C:\Users\Goragod\Desktop\STM32F7-OV9560\Project\STM32F765VI\EWARM\Debug\Obj\stm32f7xx_hal_dma2d.o
#        C:\Users\Goragod\Desktop\STM32F7-OV9560\Project\STM32F765VI\EWARM\Debug\Obj\stm32f7xx_hal_gpio.o
#        C:\Users\Goragod\Desktop\STM32F7-OV9560\Project\STM32F765VI\EWARM\Debug\Obj\stm32f7xx_hal_i2c.o
#        C:\Users\Goragod\Desktop\STM32F7-OV9560\Project\STM32F765VI\EWARM\Debug\Obj\stm32f7xx_hal_msp.o
#        C:\Users\Goragod\Desktop\STM32F7-OV9560\Project\STM32F765VI\EWARM\Debug\Obj\stm32f7xx_hal_pwr.o
#        C:\Users\Goragod\Desktop\STM32F7-OV9560\Project\STM32F765VI\EWARM\Debug\Obj\stm32f7xx_hal_pwr_ex.o
#        C:\Users\Goragod\Desktop\STM32F7-OV9560\Project\STM32F765VI\EWARM\Debug\Obj\stm32f7xx_hal_rcc.o
#        C:\Users\Goragod\Desktop\STM32F7-OV9560\Project\STM32F765VI\EWARM\Debug\Obj\stm32f7xx_hal_rcc_ex.o
#        C:\Users\Goragod\Desktop\STM32F7-OV9560\Project\STM32F765VI\EWARM\Debug\Obj\stm32f7xx_hal_usart.o
#        C:\Users\Goragod\Desktop\STM32F7-OV9560\Project\STM32F765VI\EWARM\Debug\Obj\stm32f7xx_it.o
#        C:\Users\Goragod\Desktop\STM32F7-OV9560\Project\STM32F765VI\EWARM\Debug\Obj\system_stm32f7xx.o
#        -o
#        C:\Users\Goragod\Desktop\STM32F7-OV9560\Project\STM32F765VI\EWARM\Debug\Exe\STM32F7-OV9560.out
#        --map
#        C:\Users\Goragod\Desktop\STM32F7-OV9560\Project\STM32F765VI\EWARM\Debug\List\STM32F7-OV9560.map
#        --config
#        C:\Users\Goragod\Desktop\STM32F7-OV9560\Project\STM32F765VI\EWARM\stm32f756xx_flash.icf
#        --semihosting --entry __iar_program_start --vfe
#
###############################################################################

*******************************************************************************
*** RUNTIME MODEL ATTRIBUTES
***

CppFlavor       = *
__SystemLibrary = DLib


*******************************************************************************
*** PLACEMENT SUMMARY
***

"A0":  place at 0x08000000 { ro section .intvec };
"P1":  place in [from 0x08000000 to 0x080fffff] { ro };
"P2":  place in [from 0x20000000 to 0x2004ffff] { rw, block CSTACK, block HEAP };
initialize by copy { rw, section .itcmram };

  Section            Kind        Address    Size  Object
  -------            ----        -------    ----  ------
"A0":                                      0x1c8
  .intvec            ro code  0x08000000   0x1c8  startup_stm32f756xx.o [1]
                            - 0x080001c8   0x1c8

"P1":                                     0x1054
  .text              ro code  0x080001c8   0x70c  stm32f7xx_hal_rcc.o [1]
  .text              ro code  0x080008d4     0xc  stm32f7xx_hal.o [1]
  .text              ro code  0x080008e0    0x28  stm32f7xx_hal.o [1]
  .text              ro code  0x08000908   0x1a4  stm32f7xx_hal_cortex.o [1]
  .text              ro code  0x08000aac   0x244  stm32f7xx_hal_gpio.o [1]
  .text              ro code  0x08000cf0   0x15c  main.o [1]
  .text              ro code  0x08000e4c    0x28  stm32f7xx_hal.o [1]
  .text              ro code  0x08000e74    0x84  stm32f7xx_hal_pwr_ex.o [1]
  .text              ro code  0x08000ef8     0x2  stm32f7xx_hal_msp.o [1]
  .text              ro code  0x08000efc    0x6c  system_stm32f7xx.o [1]
  .text              ro code  0x08000f68    0x2c  copy_init3.o [5]
  .text              ro code  0x08000f94    0x28  data_init.o [5]
  .text              ro code  0x08000fbc    0x22  fpinit_M.o [4]
  .iar.init_table    const    0x08000fe0    0x14  - Linker created -
  .text              ro code  0x08000ff4    0x1a  cmain.o [5]
  .text              ro code  0x0800100e     0x4  low_level_init.o [3]
  .text              ro code  0x08001012     0x4  exit.o [3]
  .text              ro code  0x08001018     0xa  cexit.o [5]
  .text              ro code  0x08001024    0x14  exit.o [6]
  .text              ro code  0x08001038    0x18  stm32f7xx_it.o [1]
  .text              ro code  0x08001050    0x10  stm32f7xx_hal.o [1]
  .rodata            const    0x08001060    0x10  system_stm32f7xx.o [1]
  .text              ro code  0x08001070    0x10  startup_stm32f756xx.o [1]
  .text              ro code  0x08001080     0xc  cstartup_M.o [5]
  Initializer bytes  const    0x0800108c     0x8  <for P2-1>
  .text              ro code  0x08001094     0x4  startup_stm32f756xx.o [1]
  .text              ro code  0x08001098     0x4  startup_stm32f756xx.o [1]
  .text              ro code  0x0800109c     0x4  startup_stm32f756xx.o [1]
  .text              ro code  0x080010a0     0x4  startup_stm32f756xx.o [1]
  .text              ro code  0x080010a4     0x4  startup_stm32f756xx.o [1]
  .text              ro code  0x080010a8     0x4  startup_stm32f756xx.o [1]
  .text              ro code  0x080010ac     0x4  startup_stm32f756xx.o [1]
  .text              ro code  0x080010b0     0x4  startup_stm32f756xx.o [1]
  .text              ro code  0x080010b4     0x4  startup_stm32f756xx.o [1]
  .text              ro code  0x080010b8     0x4  startup_stm32f756xx.o [1]
  .text              ro code  0x080010bc     0x4  startup_stm32f756xx.o [1]
  .text              ro code  0x080010c0     0x4  startup_stm32f756xx.o [1]
  .text              ro code  0x080010c4     0x4  startup_stm32f756xx.o [1]
  .text              ro code  0x080010c8     0x4  startup_stm32f756xx.o [1]
  .text              ro code  0x080010cc     0x4  startup_stm32f756xx.o [1]
  .text              ro code  0x080010d0     0x4  startup_stm32f756xx.o [1]
  .text              ro code  0x080010d4     0x4  startup_stm32f756xx.o [1]
  .text              ro code  0x080010d8     0x4  startup_stm32f756xx.o [1]
  .text              ro code  0x080010dc     0x4  startup_stm32f756xx.o [1]
  .text              ro code  0x080010e0     0x4  startup_stm32f756xx.o [1]
  .text              ro code  0x080010e4     0x4  startup_stm32f756xx.o [1]
  .text              ro code  0x080010e8     0x4  startup_stm32f756xx.o [1]
  .text              ro code  0x080010ec     0x4  startup_stm32f756xx.o [1]
  .text              ro code  0x080010f0     0x4  startup_stm32f756xx.o [1]
  .text              ro code  0x080010f4     0x4  startup_stm32f756xx.o [1]
  .text              ro code  0x080010f8     0x4  startup_stm32f756xx.o [1]
  .text              ro code  0x080010fc     0x4  startup_stm32f756xx.o [1]
  .text              ro code  0x08001100     0x4  startup_stm32f756xx.o [1]
  .text              ro code  0x08001104     0x4  startup_stm32f756xx.o [1]
  .text              ro code  0x08001108     0x4  startup_stm32f756xx.o [1]
  .text              ro code  0x0800110c     0x4  startup_stm32f756xx.o [1]
  .text              ro code  0x08001110     0x4  startup_stm32f756xx.o [1]
  .text              ro code  0x08001114     0x4  startup_stm32f756xx.o [1]
  .text              ro code  0x08001118     0x4  startup_stm32f756xx.o [1]
  .text              ro code  0x0800111c     0x4  startup_stm32f756xx.o [1]
  .text              ro code  0x08001120     0x4  startup_stm32f756xx.o [1]
  .text              ro code  0x08001124     0x4  startup_stm32f756xx.o [1]
  .text              ro code  0x08001128     0x4  startup_stm32f756xx.o [1]
  .text              ro code  0x0800112c     0x4  startup_stm32f756xx.o [1]
  .text              ro code  0x08001130     0x4  startup_stm32f756xx.o [1]
  .text              ro code  0x08001134     0x4  startup_stm32f756xx.o [1]
  .text              ro code  0x08001138     0x4  startup_stm32f756xx.o [1]
  .text              ro code  0x0800113c     0x4  startup_stm32f756xx.o [1]
  .text              ro code  0x08001140     0x4  startup_stm32f756xx.o [1]
  .text              ro code  0x08001144     0x4  startup_stm32f756xx.o [1]
  .text              ro code  0x08001148     0x4  startup_stm32f756xx.o [1]
  .text              ro code  0x0800114c     0x4  startup_stm32f756xx.o [1]
  .text              ro code  0x08001150     0x4  startup_stm32f756xx.o [1]
  .text              ro code  0x08001154     0x4  startup_stm32f756xx.o [1]
  .text              ro code  0x08001158     0x4  startup_stm32f756xx.o [1]
  .text              ro code  0x0800115c     0x4  startup_stm32f756xx.o [1]
  .text              ro code  0x08001160     0x4  startup_stm32f756xx.o [1]
  .text              ro code  0x08001164     0x4  startup_stm32f756xx.o [1]
  .text              ro code  0x08001168     0x4  startup_stm32f756xx.o [1]
  .text              ro code  0x0800116c     0x4  startup_stm32f756xx.o [1]
  .text              ro code  0x08001170     0x4  startup_stm32f756xx.o [1]
  .text              ro code  0x08001174     0x4  startup_stm32f756xx.o [1]
  .text              ro code  0x08001178     0x4  startup_stm32f756xx.o [1]
  .text              ro code  0x0800117c     0x4  startup_stm32f756xx.o [1]
  .text              ro code  0x08001180     0x4  startup_stm32f756xx.o [1]
  .text              ro code  0x08001184     0x4  startup_stm32f756xx.o [1]
  .text              ro code  0x08001188     0x4  startup_stm32f756xx.o [1]
  .text              ro code  0x0800118c     0x4  startup_stm32f756xx.o [1]
  .text              ro code  0x08001190     0x4  startup_stm32f756xx.o [1]
  .text              ro code  0x08001194     0x4  startup_stm32f756xx.o [1]
  .text              ro code  0x08001198     0x4  startup_stm32f756xx.o [1]
  .text              ro code  0x0800119c     0x4  startup_stm32f756xx.o [1]
  .text              ro code  0x080011a0     0x4  startup_stm32f756xx.o [1]
  .text              ro code  0x080011a4     0x4  startup_stm32f756xx.o [1]
  .text              ro code  0x080011a8     0x4  startup_stm32f756xx.o [1]
  .text              ro code  0x080011ac     0x4  startup_stm32f756xx.o [1]
  .text              ro code  0x080011b0     0x4  startup_stm32f756xx.o [1]
  .text              ro code  0x080011b4     0x4  startup_stm32f756xx.o [1]
  .text              ro code  0x080011b8     0x4  startup_stm32f756xx.o [1]
  .text              ro code  0x080011bc     0x4  startup_stm32f756xx.o [1]
  .text              ro code  0x080011c0     0x4  startup_stm32f756xx.o [1]
  .text              ro code  0x080011c4     0x4  startup_stm32f756xx.o [1]
  .text              ro code  0x080011c8     0x4  startup_stm32f756xx.o [1]
  .text              ro code  0x080011cc     0x4  startup_stm32f756xx.o [1]
  .text              ro code  0x080011d0     0x4  startup_stm32f756xx.o [1]
  .text              ro code  0x080011d4     0x4  startup_stm32f756xx.o [1]
  .text              ro code  0x080011d8     0x4  startup_stm32f756xx.o [1]
  .text              ro code  0x080011dc     0x4  startup_stm32f756xx.o [1]
  .text              ro code  0x080011e0     0x4  startup_stm32f756xx.o [1]
  .text              ro code  0x080011e4     0x4  startup_stm32f756xx.o [1]
  .text              ro code  0x080011e8     0x4  startup_stm32f756xx.o [1]
  .text              ro code  0x080011ec     0x4  startup_stm32f756xx.o [1]
  .text              ro code  0x080011f0     0x4  startup_stm32f756xx.o [1]
  .text              ro code  0x080011f4     0x4  startup_stm32f756xx.o [1]
  .text              ro code  0x080011f8     0x4  startup_stm32f756xx.o [1]
  .text              ro code  0x080011fc     0x4  startup_stm32f756xx.o [1]
  .text              ro code  0x08001200     0x4  startup_stm32f756xx.o [1]
  .text              ro code  0x08001204     0x4  startup_stm32f756xx.o [1]
  .text              ro code  0x08001208     0x4  startup_stm32f756xx.o [1]
  .text              ro code  0x0800120c     0x4  startup_stm32f756xx.o [1]
  .text              ro code  0x08001210     0x4  startup_stm32f756xx.o [1]
  .text              ro code  0x08001214     0x4  startup_stm32f756xx.o [1]
  .text              ro code  0x08001218     0x4  startup_stm32f756xx.o [1]
  .rodata            const    0x0800121c     0x0  copy_init3.o [5]
                            - 0x0800121c  0x1054

"P2", part 1 of 2:                           0x8
  P2-1                        0x20000000     0x8  <Init block>
    .data            inited   0x20000000     0x4  system_stm32f7xx.o [1]
    .bss             inited   0x20000004     0x4  stm32f7xx_hal.o [1]
                            - 0x20000008     0x8

"P2", part 2 of 2:                         0x400
  CSTACK                      0x20000008   0x400  <Block>
    CSTACK           uninit   0x20000008   0x400  <Block tail>
                            - 0x20000408   0x400


*******************************************************************************
*** INIT TABLE
***

          Address     Size
          -------     ----
Copy (__iar_copy_init3)
    1 source range, total size 0x8:
          0x0800108c   0x8
    1 destination range, total size 0x8:
          0x20000000   0x8



*******************************************************************************
*** MODULE SUMMARY
***

    Module                  ro code  ro data  rw data
    ------                  -------  -------  -------
C:\Users\Goragod\Desktop\STM32F7-OV9560\Project\STM32F765VI\EWARM\Debug\Obj: [1]
    main.o                      348
    startup_stm32f756xx.o       864
    stm32f7xx_hal.o             108        4        4
    stm32f7xx_hal_cortex.o      420
    stm32f7xx_hal_gpio.o        580
    stm32f7xx_hal_msp.o           2
    stm32f7xx_hal_pwr_ex.o      132
    stm32f7xx_hal_rcc.o       1 804
    stm32f7xx_it.o               24
    system_stm32f7xx.o          108       20        4
    -------------------------------------------------
    Total:                    4 390       24        8

command line: [2]
    -------------------------------------------------
    Total:

dl7M_tln.a: [3]
    exit.o                        4
    low_level_init.o              4
    -------------------------------------------------
    Total:                        8

m7M_tls.a: [4]
    fpinit_M.o                   34
    -------------------------------------------------
    Total:                       34

rt7M_tl.a: [5]
    cexit.o                      10
    cmain.o                      26
    copy_init3.o                 44
    cstartup_M.o                 12
    data_init.o                  40
    -------------------------------------------------
    Total:                      132

shb_l.a: [6]
    exit.o                       20
    -------------------------------------------------
    Total:                       20

    Gaps                          6        2
    Linker created                        20    1 024
-----------------------------------------------------
    Grand Total:              4 590       46    1 032


*******************************************************************************
*** ENTRY LIST
***

Entry                      Address   Size  Type      Object
-----                      -------   ----  ----      ------
.iar.init_table$$Base   0x08000fe0          --   Gb  - Linker created -
.iar.init_table$$Limit  0x08000ff4          --   Gb  - Linker created -
?main                   0x08000ff5         Code  Gb  cmain.o [5]
AHBPrescTable           0x08001060   0x10  Data  Gb  system_stm32f7xx.o [1]
BusFault_Handler        0x0800103f    0x2  Code  Gb  stm32f7xx_it.o [1]
CSTACK$$Base            0x20000008          --   Gb  - Linker created -
CSTACK$$Limit           0x20000408          --   Gb  - Linker created -
DebugMon_Handler        0x08001045    0x2  Code  Gb  stm32f7xx_it.o [1]
Error_Handler           0x08000d97    0x2  Code  Lc  main.o [1]
GPIO_Initial            0x08000df1   0x50  Code  Gb  main.o [1]
HAL_GPIO_Init           0x08000aad  0x1f0  Code  Gb  stm32f7xx_hal_gpio.o [1]
HAL_GPIO_WritePin       0x08000c9d   0x14  Code  Gb  stm32f7xx_hal_gpio.o [1]
HAL_GetTick             0x080008d5    0xc  Code  Wk  stm32f7xx_hal.o [1]
HAL_IncTick             0x08001051   0x10  Code  Wk  stm32f7xx_hal.o [1]
HAL_Init                0x08000e4d   0x22  Code  Gb  stm32f7xx_hal.o [1]
HAL_InitTick            0x080008e1   0x28  Code  Wk  stm32f7xx_hal.o [1]
HAL_MPU_ConfigRegion    0x08000a25   0x58  Code  Gb  stm32f7xx_hal_cortex.o [1]
HAL_MPU_Disable         0x080009ef   0x18  Code  Gb  stm32f7xx_hal_cortex.o [1]
HAL_MPU_Enable          0x08000a07   0x1e  Code  Gb  stm32f7xx_hal_cortex.o [1]
HAL_MspInit             0x08000ef9    0x2  Code  Gb  stm32f7xx_hal_msp.o [1]
HAL_NVIC_SetPriority    0x080009c5   0x22  Code  Gb  stm32f7xx_hal_cortex.o [1]
HAL_NVIC_SetPriorityGrouping
                        0x080009bd    0x8  Code  Gb  stm32f7xx_hal_cortex.o [1]
HAL_PWREx_EnableOverDrive
                        0x08000e75   0x76  Code  Gb  stm32f7xx_hal_pwr_ex.o [1]
HAL_RCC_ClockConfig     0x08000675  0x19e  Code  Gb  stm32f7xx_hal_rcc.o [1]
HAL_RCC_GetSysClockFreq
                        0x08000813   0x8c  Code  Gb  stm32f7xx_hal_rcc.o [1]
HAL_RCC_OscConfig       0x080001c9  0x4ac  Code  Gb  stm32f7xx_hal_rcc.o [1]
HAL_SYSTICK_Config      0x080009e7    0x8  Code  Gb  stm32f7xx_hal_cortex.o [1]
HardFault_Handler       0x0800103b    0x2  Code  Gb  stm32f7xx_it.o [1]
MPU_Config              0x08000d99   0x58  Code  Lc  main.o [1]
MemManage_Handler       0x0800103d    0x2  Code  Gb  stm32f7xx_it.o [1]
NMI_Handler             0x08001039    0x2  Code  Gb  stm32f7xx_it.o [1]
NVIC_EncodePriority     0x08000951   0x3e  Code  Lc  stm32f7xx_hal_cortex.o [1]
NVIC_GetPriorityGrouping
                        0x08000925    0xa  Code  Lc  stm32f7xx_hal_cortex.o [1]
NVIC_SetPriority        0x0800092f   0x22  Code  Lc  stm32f7xx_hal_cortex.o [1]
NVIC_SetPriorityGrouping
                        0x08000909   0x1c  Code  Lc  stm32f7xx_hal_cortex.o [1]
PendSV_Handler          0x08001047    0x2  Code  Gb  stm32f7xx_it.o [1]
Region$$Table$$Base     0x08000fe0          --   Gb  - Linker created -
Region$$Table$$Limit    0x08000ff4          --   Gb  - Linker created -
SVC_Handler             0x08001043    0x2  Code  Gb  stm32f7xx_it.o [1]
SysTick_Config          0x0800098f   0x2e  Code  Lc  stm32f7xx_hal_cortex.o [1]
SysTick_Handler         0x08001049    0x8  Code  Gb  stm32f7xx_it.o [1]
SystemClock_Config      0x08000d23   0x74  Code  Lc  main.o [1]
SystemCoreClock         0x20000000    0x4  Data  Gb  system_stm32f7xx.o [1]
SystemInit              0x08000efd   0x4c  Code  Gb  system_stm32f7xx.o [1]
UsageFault_Handler      0x08001041    0x2  Code  Gb  stm32f7xx_it.o [1]
__cmain                 0x08000ff5         Code  Gb  cmain.o [5]
__exit                  0x08001025   0x14  Code  Gb  exit.o [6]
__iar_copy_init3        0x08000f69   0x2c  Code  Gb  copy_init3.o [5]
__iar_data_init3        0x08000f95   0x28  Code  Gb  data_init.o [5]
__iar_init_vfp          0x08000fbd         Code  Gb  fpinit_M.o [4]
__iar_program_start     0x08001081         Code  Gb  cstartup_M.o [5]
__low_level_init        0x0800100f    0x4  Code  Gb  low_level_init.o [3]
__vector_table          0x08000000         Data  Gb  startup_stm32f756xx.o [1]
_call_main              0x08001001         Code  Gb  cmain.o [5]
_exit                   0x08001019         Code  Gb  cexit.o [5]
_main                   0x0800100b         Code  Gb  cmain.o [5]
exit                    0x08001013    0x4  Code  Gb  exit.o [3]
main                    0x08000cf1   0x32  Code  Gb  main.o [1]
uwTick                  0x20000004    0x4  Data  Gb  stm32f7xx_hal.o [1]


[1] = C:\Users\Goragod\Desktop\STM32F7-OV9560\Project\STM32F765VI\EWARM\Debug\Obj
[2] = command line
[3] = dl7M_tln.a
[4] = m7M_tls.a
[5] = rt7M_tl.a
[6] = shb_l.a

  4 590 bytes of readonly  code memory
     46 bytes of readonly  data memory
  1 032 bytes of readwrite data memory

Errors: none
Warnings: none
